C51 COMPILER V9.01   CHENGXU                                                               10/23/2016 16:39:49 PAGE 1   


C51 COMPILER V9.01, COMPILATION OF MODULE CHENGXU
OBJECT MODULE PLACED IN chengxu.OBJ
COMPILER INVOKED BY: E:\单片机\KEIL4\C51\BIN\C51.EXE chengxu.c BROWSE DEBUG OBJECTEXTEND

line level    source

   1          /********************************************************************
   2                                      汇诚科技
   3          实现功能:此版配套测试程序
   4          使用芯片：AT89S52
   5          晶振：11.0592MHZ
   6          波特率：9600
   7               
   8          *********************************************************************/
   9          /********************************************************************
  10          说明：1、       当测量有雨滴时，单片机IO口输出低电平
  11          *********************************************************************/
  12          #include<reg52.h>              //库文件
  13          #define uchar unsigned char//宏定义无符号字符型
  14          #define uint unsigned int  //宏定义无符号整型
  15          
  16          
  17          typedef bit BOOL  ;  
  18          uchar data_byte; 
  19          
  20          
  21          uchar str[14]="c000000000S00E";
  22          
  23          /********************************************************************
  24                                      I/O定义
  25          *********************************************************************/
  26          sbit delay_MQ=P0^4;      //定义单片机P1口的第1位 （即P0.0）为开关端
  27          
  28          sbit beep=P0^6;
  29          sbit out =P0^1;
  30          sbit delay_door=P0^3;
  31          sbit delay_curtain=P0^2;
  32          sbit DOUT=P2^0;  //定义单片机P2口的第1位 （即P2.0）为传感器的输入端
  33          /********************************************************************
  34                                      函数
  35          *********************************************************************/
  36          void delay();
  37          void SerialInti();
  38          void Uart1Sends(uchar *str);
  39          void protocol_select();
  40          void protocol_model();
  41          void io_init();
  42          uchar rx[14],rx_cnt=0,flag_start=0,flag_control=0,start0=0,start1=0;                        
  43          /*********************************************************************/
  44          void main()
  45          {
  46   1              SerialInti();
  47   1              io_init();
  48   1              while(1)   //无限循环
  49   1              {
  50   2                      protocol_select();
  51   2      
  52   2              }
  53   1      }
  54          
  55          void io_init()
C51 COMPILER V9.01   CHENGXU                                                               10/23/2016 16:39:49 PAGE 2   

  56          {
  57   1                      delay_MQ=0;
  58   1                      beep=0;
  59   1                      delay_door=0;
  60   1                      delay_curtain=0;
  61   1                      //out=0;
  62   1      }
  63          
  64          void protocol_select()
  65          {
  66   1                      if(flag_start==1)
  67   1                      {
  68   2                                      flag_start=0;
  69   2                                      start0=1;
  70   2      
  71   2                                      if(DOUT==0)
  72   2                                      {
  73   3                                      delay();//延时抗干扰
  74   3                                              if(DOUT==0)//确定 浓度高于设定值时 ，执行条件函数
  75   3                                      {
  76   4                                                      delay_MQ=1;        //闭合常开开关
  77   4                                                      beep=1;
  78   4                                                      str[1]=1+0X30;
  79   4                                              }
  80   3                                      }
  81   2                      
  82   2                                      if(DOUT!=0)
  83   2                                      {
  84   3                                                      delay_MQ=0;
  85   3                                                      beep=0;
  86   3                                                      str[1]=0+0X30;
  87   3                                      }
  88   2      
  89   2                                      if(out)
  90   2                                      {
  91   3                                              str[2]=1+0x30;
  92   3                                      } 
  93   2                                      else
  94   2                                      { 
  95   3                                              str[2]=0+0x30;
  96   3                                      }
  97   2      
  98   2                                      Uart1Sends(str);
  99   2                                              
 100   2                                      rx[0] ='0';
 101   2                                      rx[10]='0';
 102   2                                      rx[13]='0';
 103   2                      }
 104   1                      if(start0==1)
 105   1                      {
 106   2                                      if(DOUT==0)
 107   2                                      {
 108   3                                      delay();//延时抗干扰
 109   3                                              if(DOUT==0)//确定 浓度高于设定值时 ，执行条件函数
 110   3                                      {
 111   4                                                      delay_MQ=1;        //闭合常开开关
 112   4                                                      beep=1;
 113   4                                                      str[1]=1+0X30;
 114   4                                              }
 115   3                                      }
 116   2                      
 117   2                                      if(DOUT!=0)
C51 COMPILER V9.01   CHENGXU                                                               10/23/2016 16:39:49 PAGE 3   

 118   2                                      {
 119   3                                                      delay_MQ=0;
 120   3                                                      beep=0;
 121   3                                                      str[1]=0+0X30;
 122   3                                      }
 123   2      
 124   2                                      if(out)
 125   2                                      {
 126   3                                              str[2]=1+0x30;
 127   3                                      } 
 128   2                                      else
 129   2                                      { 
 130   3                                              str[2]=0+0x30;
 131   3                                      }
 132   2                      }
 133   1      
 134   1                      if(flag_control==1)
 135   1                      {
 136   2                                      flag_control=0;
 137   2                                      start1=1;
 138   2      
 139   2                                      if(rx[1]=='1')     // 开排气扇
 140   2                                      {
 141   3                                                      delay_MQ=1;
 142   3                                                      beep=0;
 143   3                                                      str[1]=1+0x30;          
 144   3                                      }
 145   2                                      
 146   2                                      if(rx[1]=='0')                    //关
 147   2                                      {
 148   3                                                      delay_MQ=0;
 149   3                                                      beep=0;
 150   3                                                      str[1]=0+0x30;
 151   3                                      }
 152   2      
 153   2                                      if(rx[3]=='1')     // 
 154   2                                      {
 155   3                                                      delay_door=1;
 156   3                                              //      beep=0;
 157   3                                                      str[3]=1+0x30;          
 158   3                                      }
 159   2                                      
 160   2                                      if(rx[3]=='0')                    //关
 161   2                                      {
 162   3                                                      delay_door=0;
 163   3                                              //      beep=0;
 164   3                                                      str[3]=0+0x30;
 165   3                                      }
 166   2      
 167   2                                      if(rx[4]=='1')     // 
 168   2                                      {
 169   3                                                      delay_curtain=1;
 170   3                                              //      beep=0;
 171   3                                                      str[4]=1+0x30;          
 172   3                                      }
 173   2                                      
 174   2                                      if(rx[4]=='0')                    //关
 175   2                                      {
 176   3                                                      delay_curtain=0;
 177   3                                              //      beep=0;
 178   3                                                      str[4]=0+0x30;
 179   3                                      }
C51 COMPILER V9.01   CHENGXU                                                               10/23/2016 16:39:49 PAGE 4   

 180   2      
 181   2                                      
 182   2                                      if(out)
 183   2                                      {
 184   3                                              str[2]=1+0x30;
 185   3                                      } 
 186   2                                      else
 187   2                                      { 
 188   3                                              str[2]=0+0x30;
 189   3                                      }
 190   2                                      
 191   2      
 192   2      
 193   2                                      Uart1Sends(str);
 194   2                                              
 195   2                                      rx[0] ='0';
 196   2                                      rx[10]='0';
 197   2                                      rx[13]='0';
 198   2      
 199   2                      }
 200   1      
 201   1                      if(start1==1)
 202   1                      {
 203   2                                      if(rx[1]=='1')     // 开排气扇
 204   2                                      {
 205   3                                                      delay_MQ=1;
 206   3                                                      beep=0; 
 207   3                                                      str[1]=1+0x30;  
 208   3                                      }
 209   2                                      
 210   2                                      if(rx[1]=='0')                    //关
 211   2                                      {
 212   3                                                      delay_MQ=0;
 213   3                                                      beep=0;
 214   3                                                      str[1]=0+0x30;
 215   3                                      }
 216   2      
 217   2                                      if(rx[3]=='1')     // 
 218   2                                      {
 219   3                                                      delay_door=1;
 220   3                                              //      beep=0;
 221   3                                                      str[3]=1+0x30;          
 222   3                                      }
 223   2                                      
 224   2                                      if(rx[3]=='0')                    //关
 225   2                                      {
 226   3                                                      delay_door=0;
 227   3                                              //      beep=0;
 228   3                                                      str[3]=0+0x30;
 229   3                                      }
 230   2      
 231   2                                      if(rx[4]=='1')     // 
 232   2                                      {
 233   3                                                      delay_curtain=1;
 234   3                                              //      beep=0;
 235   3                                                      str[4]=1+0x30;          
 236   3                                      }
 237   2                                      
 238   2                                      if(rx[4]=='0')                    //关
 239   2                                      {
 240   3                                                      delay_curtain=0;
 241   3                                              //      beep=0;
C51 COMPILER V9.01   CHENGXU                                                               10/23/2016 16:39:49 PAGE 5   

 242   3                                                      str[4]=0+0x30;
 243   3                                      }
 244   2      
 245   2                                      
 246   2                                      if(out)
 247   2                                      {
 248   3                                              str[2]=1+0x30;
 249   3                                      } 
 250   2                                      else
 251   2                                      { 
 252   3                                              str[2]=0+0x30;
 253   3                                      }
 254   2                      }
 255   1      }
 256          
 257          
 258          
 259          void Serial_interrupt() interrupt 4 
 260          {
 261   1      
 262   1                       protocol_model();
 263   1      
 264   1      }
 265          
 266          void protocol_model()
 267          {
 268   1                      if(RI)
 269   1                      {
 270   2                                      RI=0;
 271   2                                      rx[rx_cnt]=SBUF;
 272   2                                      if(rx[0]== 'C')
 273   2                                      {
 274   3                                                      rx_cnt++;
 275   3                                                      if(rx_cnt>=14)
 276   3                                                      {
 277   4                                                                      if(rx[0]=='C' && rx[10]=='S'&&rx[13]=='E')
 278   4                                                                      {
 279   5                                                                                      flag_start=1;   start1=0;       rx_cnt=0;       
 280   5                                                                      }
 281   4                                                                      if(rx[0]=='C' && rx[10]=='M'&&rx[13]=='E')
 282   4                                                                      {
 283   5                                                                              
 284   5                                                                                      flag_control=1; start0=0;       rx_cnt=0;
 285   5                                                                      }                       
 286   4                                                                                      
 287   4                                                                      rx_cnt=0;
 288   4                                                      }
 289   3                                      }
 290   2                                      else
 291   2                                      {
 292   3                                                      rx_cnt=0;
 293   3                                      }
 294   2                              
 295   2                              
 296   2      
 297   2                      }
 298   1      
 299   1                      if(TI)
 300   1                      {
 301   2                      TI=0;
 302   2                      }
 303   1      }
C51 COMPILER V9.01   CHENGXU                                                               10/23/2016 16:39:49 PAGE 6   

 304          
 305          
 306          
 307          //串行口连续发送char型数组，遇到终止号/0将停止
 308          void Uart1Sends(uchar *str)
 309          {
 310   1              unsigned char *p;
 311   1          
 312   1          p = str;
 313   1          while(*p != '\0')
 314   1          {
 315   2              SBUF = *p;
 316   2                      while(TI == 0); 
 317   2                      TI = 0;
 318   2              p++;
 319   2          }
 320   1      }
 321          
 322          void delay()//延时程序
 323          {
 324   1      uchar m,n,s;
 325   1      for(m=20;m>0;m--)
 326   1      for(n=20;n>0;n--)
 327   1      for(s=248;s>0;s--);
 328   1      }
 329          
 330          void SerialInti()//初始化程序（必须使用，否则无法收发）
 331          {       TMOD = 0x20;
 332   1          SCON = 0x50;
 333   1          TH1 = 0xFD;
 334   1          TL1 = TH1;
 335   1          PCON = 0x00;
 336   1          EA = 1;
 337   1          ES = 1;
 338   1          TR1 = 1;            //启动定时器1
 339   1          
 340   1      }       
 341          /********************************************************************
 342                                        结束
 343          *********************************************************************/


MODULE INFORMATION:   STATIC OVERLAYABLE
   CODE SIZE        =    508    ----
   CONSTANT SIZE    =   ----    ----
   XDATA SIZE       =   ----    ----
   PDATA SIZE       =   ----    ----
   DATA SIZE        =     34    ----
   IDATA SIZE       =   ----    ----
   BIT SIZE         =   ----    ----
END OF MODULE INFORMATION.


C51 COMPILATION COMPLETE.  0 WARNING(S),  0 ERROR(S)
